<?xml version="1.0" encoding="utf-8"?><testsuites name="pytest tests"><testsuite name="pytest" errors="0" failures="0" skipped="0" tests="20" time="0.571" timestamp="2025-11-01T14:28:16.298051+00:00" hostname="fb814eb14c17"><testcase classname="test_crocodile_analyzer.TestCrocodileAnalyzer" name="test_1_initialization_with_valid_file" time="0.007" /><testcase classname="test_crocodile_analyzer.TestCrocodileAnalyzer" name="test_2_initialization_with_invalid_file" time="0.002" /><testcase classname="test_crocodile_analyzer.TestCrocodileAnalyzer" name="test_3_basic_info_function" time="0.005" /><testcase classname="test_crocodile_analyzer.TestCrocodileAnalyzer" name="test_4_species_count_function" time="0.003" /><testcase classname="test_crocodile_analyzer.TestCrocodileAnalyzer" name="test_5_size_statistics_function" time="0.004" /><testcase classname="test_crocodile_analyzer.TestCrocodileAnalyzer" name="test_6_weight_statistics_function" time="0.003" /><testcase classname="test_crocodile_analyzer.TestCrocodileAnalyzer" name="test_7_habitat_distribution_function" time="0.003" /><testcase classname="test_crocodile_analyzer.TestCrocodileAnalyzer" name="test_8_sex_distribution_function" time="0.002" /><testcase classname="test_crocodile_analyzer.TestCrocodileAnalyzer" name="test_9_country_analysis_function" time="0.002" /><testcase classname="test_crocodile_analyzer.TestCrocodileAnalyzer" name="test_10_largest_specimens_function" time="0.004" /><testcase classname="test_crocodile_analyzer.TestCrocodileAnalyzer" name="test_11_heaviest_specimens_function" time="0.003" /><testcase classname="test_crocodile_analyzer.TestCrocodileAnalyzer" name="test_12_size_categories_function" time="0.003" /><testcase classname="test_crocodile_analyzer.TestCrocodileAnalyzer" name="test_13_yearly_observations_function" time="0.005" /><testcase classname="test_crocodile_analyzer.TestCrocodileAnalyzer" name="test_14_correlation_analysis_function" time="0.004" /><testcase classname="test_crocodile_analyzer.TestCrocodileAnalyzer" name="test_15_species_by_habitat" time="0.003" /><testcase classname="test_crocodile_analyzer.TestCrocodileAnalyzer" name="test_16_adult_vs_juvenile" time="0.003" /><testcase classname="test_crocodile_analyzer.TestCrocodileAnalyzer" name="test_17_endangered_species" time="0.004" /><testcase classname="test_crocodile_analyzer.TestCrocodileAnalyzer" name="test_18_observer_statistics" time="0.002" /><testcase classname="test_crocodile_analyzer.TestCrocodileAnalyzer" name="test_19_missing_data_analysis" time="0.002" /><testcase classname="test_crocodile_analyzer.TestCrocodileAnalyzer" name="test_20_summary_report" time="0.005" /></testsuite></testsuites>